resources/js/components/custom/cart/CartDetail.tsx(5,25): error TS2307: Cannot find module '../../context/CartContext' or its corresponding type declarations.
resources/js/components/custom/cart/CartDetail.tsx(6,40): error TS2307: Cannot find module '../../types' or its corresponding type declarations.
resources/js/components/custom/cart/CartDetail.tsx(119,86): error TS7006: Parameter 'sum' implicitly has an 'any' type.
resources/js/components/custom/cart/CartDetail.tsx(119,91): error TS7006: Parameter 'drawer' implicitly has an 'any' type.
resources/js/components/custom/cart/CartForm.tsx(3,25): error TS2307: Cannot find module '../../context/CartContext' or its corresponding type declarations.
resources/js/components/custom/cart/CartForm.tsx(89,37): error TS7006: Parameter 'type' implicitly has an 'any' type.
resources/js/components/custom/cart/CartList.tsx(6,25): error TS2307: Cannot find module '../../context/CartContext' or its corresponding type declarations.
resources/js/components/custom/cart/CartList.tsx(7,22): error TS2307: Cannot find module '../../types' or its corresponding type declarations.
resources/js/components/custom/cart/CartList.tsx(34,42): error TS7006: Parameter 'type' implicitly has an 'any' type.
resources/js/components/custom/cart/CartList.tsx(81,41): error TS7006: Parameter 'type' implicitly has an 'any' type.
resources/js/components/custom/cart/DrawerAccordion.tsx(4,25): error TS2307: Cannot find module '../../context/CartContext' or its corresponding type declarations.
resources/js/components/custom/cart/DrawerAccordion.tsx(5,35): error TS2307: Cannot find module '../../types' or its corresponding type declarations.
resources/js/components/custom/dashboard/ExpiryAlertList.tsx(1,10): error TS2305: Module '"@/types"' has no exported member 'ExpiryAlert'.
resources/js/components/custom/dashboard/LocationChart.tsx(1,10): error TS2305: Module '"@/types"' has no exported member 'LocationSummary'.
resources/js/components/custom/qrcode/QrScanner.tsx(3,26): error TS2307: Cannot find module 'react-qr-scanner' or its corresponding type declarations.
resources/js/components/custom/qrcode/QrScanner.tsx(5,25): error TS2307: Cannot find module '../../context/CartContext' or its corresponding type declarations.
resources/js/components/QualityReviewForm.tsx(48,65): error TS2344: Type 'QualityReviewFormData' does not satisfy the constraint 'FormDataType'.
  Index signature for type 'string' is missing in type 'QualityReviewFormData'.
resources/js/components/ui/chart.tsx(107,34): error TS2339: Property 'payload' does not exist on type 'Omit<Props<ValueType, NameType>, PropertiesReadFromContext> & { active?: boolean | undefined; includeHidden?: boolean | undefined; ... 17 more ...; axisId?: AxisId | undefined; } & ClassAttributes<...> & HTMLAttributes<...> & { ...; }'.
resources/js/components/ui/chart.tsx(112,34): error TS2339: Property 'label' does not exist on type 'Omit<Props<ValueType, NameType>, PropertiesReadFromContext> & { active?: boolean | undefined; includeHidden?: boolean | undefined; ... 17 more ...; axisId?: AxisId | undefined; } & ClassAttributes<...> & HTMLAttributes<...> & { ...; }'.
resources/js/components/ui/chart.tsx(180,31): error TS7006: Parameter 'item' implicitly has an 'any' type.
resources/js/components/ui/chart.tsx(180,37): error TS7006: Parameter 'index' implicitly has an 'any' type.
resources/js/components/ui/chart.tsx(258,41): error TS2344: Type '"payload" | "verticalAlign"' does not satisfy the constraint '"string" | "color" | "key" | "method" | "onProgress" | "onError" | "filter" | "fill" | "values" | "name" | "style" | "clipPath" | "mask" | "path" | "className" | "type" | "suppressHydrationWarning" | ... 429 more ... | "onBBoxUpdate"'.
  Type '"payload"' is not assignable to type '"string" | "color" | "key" | "method" | "onProgress" | "onError" | "filter" | "fill" | "values" | "name" | "style" | "clipPath" | "mask" | "path" | "className" | "type" | "suppressHydrationWarning" | ... 429 more ... | "onBBoxUpdate"'.
resources/js/components/ui/chart.tsx(264,19): error TS2339: Property 'length' does not exist on type '{}'.
resources/js/components/ui/chart.tsx(276,22): error TS2339: Property 'map' does not exist on type '{}'.
resources/js/components/ui/chart.tsx(276,27): error TS7006: Parameter 'item' implicitly has an 'any' type.
resources/js/components/ui/command.tsx(51,17): error TS2322: Type '{ children: Element; className: string; showCloseButton: boolean; }' is not assignable to type 'IntrinsicAttributes & DialogContentProps & RefAttributes<HTMLDivElement>'.
  Property 'showCloseButton' does not exist on type 'IntrinsicAttributes & DialogContentProps & RefAttributes<HTMLDivElement>'.
resources/js/context/CartContext.tsx(2,10): error TS2305: Module '"@/types"' has no exported member 'Cart'.
resources/js/context/CartContext.tsx(2,16): error TS2305: Module '"@/types"' has no exported member 'CartType'.
resources/js/context/CartContext.tsx(2,26): error TS2305: Module '"@/types"' has no exported member 'Equipment'.
resources/js/context/CartContext.tsx(48,49): error TS7006: Parameter 'drawerName' implicitly has an 'any' type.
resources/js/context/CartContext.tsx(57,34): error TS7006: Parameter 'drawer' implicitly has an 'any' type.
resources/js/context/CartContext.tsx(87,61): error TS7006: Parameter 'drawer' implicitly has an 'any' type.
resources/js/context/CartContext.tsx(108,58): error TS7006: Parameter 'drawer' implicitly has an 'any' type.
resources/js/context/CartContext.tsx(113,58): error TS7006: Parameter 'equipment' implicitly has an 'any' type.
resources/js/context/CartContext.tsx(130,58): error TS7006: Parameter 'drawer' implicitly has an 'any' type.
resources/js/context/CartContext.tsx(132,57): error TS7006: Parameter 'equipment' implicitly has an 'any' type.
resources/js/data/mockData.ts(3,10): error TS2305: Module '"../types"' has no exported member 'Cart'.
resources/js/data/mockData.ts(3,16): error TS2305: Module '"../types"' has no exported member 'CartType'.
resources/js/data/mockData.ts(3,26): error TS2305: Module '"../types"' has no exported member 'Equipment'.
resources/js/data/mockData.ts(3,37): error TS2305: Module '"../types"' has no exported member 'ExpiryAlert'.
resources/js/data/mockData.ts(3,50): error TS2305: Module '"../types"' has no exported member 'LocationSummary'.
resources/js/data/mockData.ts(94,40): error TS7006: Parameter 'drawerName' implicitly has an 'any' type.
resources/js/data/mockData.ts(132,31): error TS7006: Parameter 'drawer' implicitly has an 'any' type.
resources/js/data/mockData.ts(133,39): error TS7006: Parameter 'equipment' implicitly has an 'any' type.
resources/js/layouts/app-layout.tsx(15,50): error TS2339: Property 'message' does not exist on type '{}'.
resources/js/layouts/auth-layout.tsx(8,50): error TS2339: Property 'message' does not exist on type '{}'.
resources/js/layouts/settings/layout.tsx(14,9): error TS2741: Property '$$typeof' is missing in type 'ReactElement<any, any>' but required in type 'ForwardRefExoticComponent<Omit<LucideProps, "ref"> & RefAttributes<SVGSVGElement>>'.
resources/js/layouts/settings/layout.tsx(19,9): error TS2741: Property '$$typeof' is missing in type 'ReactElement<any, any>' but required in type 'ForwardRefExoticComponent<Omit<LucideProps, "ref"> & RefAttributes<SVGSVGElement>>'.
resources/js/layouts/settings/layout.tsx(24,9): error TS2741: Property '$$typeof' is missing in type 'ReactElement<any, any>' but required in type 'ForwardRefExoticComponent<Omit<LucideProps, "ref"> & RefAttributes<SVGSVGElement>>'.
resources/js/layouts/settings/layout.tsx(54,37): error TS2322: Type 'LucideIcon | null' is not assignable to type 'ReactNode'.
  Type 'LucideIcon' is not assignable to type 'ReactNode'.
